// Jest Snapshot v1, https://goo.gl/fbAQLP

exports[`CountrySelect should render EN snapshot correctly 1`] = `
<div>
  <select
    class="my-2 p-2 border-2 border-slate-300 rounded"
  >
    <option
      value="FR"
    >
      France
       - 
      ğŸ‡«ğŸ‡·
    </option>
    <option
      selected=""
      value="US"
    >
      USA
       - 
      ğŸ‡ºğŸ‡¸
    </option>
    <option
      value="GB"
    >
      United Kingdom
       - 
      ğŸ‡¬ğŸ‡§
    </option>
    <option
      value="ES"
    >
      EspaÃ±a
       - 
      ğŸ‡ªğŸ‡¸
    </option>
    <option
      value="LU"
    >
      Luxembourg
       - 
      ğŸ‡±ğŸ‡º
    </option>
    <option
      value="CH"
    >
      Suisse
       - 
      ğŸ‡¨ğŸ‡­
    </option>
    <option
      value="BE"
    >
      Belgique
       - 
      ğŸ‡§ğŸ‡ª
    </option>
  </select>
</div>
`;

exports[`CountrySelect should render FR snapshot correctly 1`] = `
<div>
  <select
    class="my-2 p-2 border-2 border-slate-300 rounded"
  >
    <option
      selected=""
      value="FR"
    >
      France
       - 
      ğŸ‡«ğŸ‡·
    </option>
    <option
      value="US"
    >
      USA
       - 
      ğŸ‡ºğŸ‡¸
    </option>
    <option
      value="GB"
    >
      United Kingdom
       - 
      ğŸ‡¬ğŸ‡§
    </option>
    <option
      value="ES"
    >
      EspaÃ±a
       - 
      ğŸ‡ªğŸ‡¸
    </option>
    <option
      value="LU"
    >
      Luxembourg
       - 
      ğŸ‡±ğŸ‡º
    </option>
    <option
      value="CH"
    >
      Suisse
       - 
      ğŸ‡¨ğŸ‡­
    </option>
    <option
      value="BE"
    >
      Belgique
       - 
      ğŸ‡§ğŸ‡ª
    </option>
  </select>
</div>
`;
