// Jest Snapshot v1, https://goo.gl/fbAQLP

exports[`ProfileSocialMedia should match snapshot correctly 1`] = `
<div>
  <div
    class="bg-sky-800 border-sky-800 text-white border-b-2 rounded-b p-3"
  >
    <p
      class="text-xl pb-4 text-center font-semibold"
    >
      Contact
    </p>
    <div
      class="text-sm flex flex-col gap-4"
    >
      <a
        class="flex justify-between items-center"
        href="https://www.linkedin.com/in/%F0%9F%92%BB-eric-salle-431664109/"
      >
        <img
          src="/images/LinkedIn_icon.svg"
          width="30"
        />
         Eric Salle
      </a>
      <a
        class="flex justify-between items-center"
        href="tel:+33683790289"
      >
        <img
          src="/images/smartphone.svg"
          width="30"
        />
         +33 6 83 79 02 89
      </a>
      <a
        class="flex justify-between items-center"
        href="mail:esalle34@gmail.com"
      >
        <img
          src="/images/mail.svg"
          width="30"
        />
         esalle34@gmail.com
      </a>
      <a
        class="flex justify-between items-center"
        href="https://github.com/esalle34/curriculum-vitae"
      >
        <img
          src="/images/github-icon.svg"
          width="30"
        />
        <span
          class="pl-4 text-right"
        >
          https://github.com/esalle34/curriculum-vitae
        </span>
      </a>
    </div>
  </div>
</div>
`;
