// Jest Snapshot v1, https://goo.gl/fbAQLP

exports[`ProfileImage should match snapshot correctly 1`] = `
<div>
  <img
    class="md:w-44 self-center mb-8 rounded shadow-xl"
    src="/images/eric-salle.jpg"
  />
</div>
`;
